Analysis & Synthesis report for MIPS_MONO
Tue Dec 10 01:03:03 2019
Quartus II 64-Bit Version 13.0.1 Build 232 06/12/2013 Service Pack 1 SJ Web Edition


---------------------
; Table of Contents ;
---------------------
  1. Legal Notice
  2. Analysis & Synthesis Summary
  3. Analysis & Synthesis Settings
  4. Parallel Compilation
  5. Analysis & Synthesis Source Files Read
  6. Analysis & Synthesis Resource Usage Summary
  7. Analysis & Synthesis Resource Utilization by Entity
  8. General Register Statistics
  9. Parameter Settings for User Entity Instance: Datapath:u_Datapath
 10. Parameter Settings for User Entity Instance: Datapath:u_Datapath|PC:u_PC
 11. Parameter Settings for User Entity Instance: Datapath:u_Datapath|mux2x1_32bits:u_Mux1_Next_PC
 12. Parameter Settings for User Entity Instance: Datapath:u_Datapath|mux2x1_32bits:u_Mux2_Next_PC
 13. Parameter Settings for User Entity Instance: Datapath:u_Datapath|Add:u_Add_Addr_Jump
 14. Parameter Settings for User Entity Instance: Datapath:u_Datapath|mux2x1_32bits:u_Mux_ALU_B
 15. Parameter Settings for User Entity Instance: Datapath:u_Datapath|mux2x1_5bits:u_Mux_Addr_Wr
 16. Parameter Settings for User Entity Instance: Datapath:u_Datapath|mux2x1_32bits:u_Mux_Register_File
 17. Parameter Settings for User Entity Instance: Datapath:u_Datapath|Instruction_Memory:u_Instruction_Memory
 18. Elapsed Time Per Partition
 19. Analysis & Synthesis Messages



----------------
; Legal Notice ;
----------------
Copyright (C) 1991-2013 Altera Corporation
Your use of Altera Corporation's design tools, logic functions 
and other software and tools, and its AMPP partner logic 
functions, and any output files from any of the foregoing 
(including device programming or simulation files), and any 
associated documentation or information are expressly subject 
to the terms and conditions of the Altera Program License 
Subscription Agreement, Altera MegaCore Function License 
Agreement, or other applicable license agreement, including, 
without limitation, that your use is for the sole purpose of 
programming logic devices manufactured by Altera and sold by 
Altera or its authorized distributors.  Please refer to the 
applicable agreement for further details.



+--------------------------------------------------------------------------------------+
; Analysis & Synthesis Summary                                                         ;
+------------------------------------+-------------------------------------------------+
; Analysis & Synthesis Status        ; Successful - Tue Dec 10 01:03:03 2019           ;
; Quartus II 64-Bit Version          ; 13.0.1 Build 232 06/12/2013 SP 1 SJ Web Edition ;
; Revision Name                      ; MIPS_MONO                                       ;
; Top-level Entity Name              ; Top_MIPS                                        ;
; Family                             ; Cyclone IV GX                                   ;
; Total logic elements               ; 0                                               ;
;     Total combinational functions  ; 0                                               ;
;     Dedicated logic registers      ; 0                                               ;
; Total registers                    ; 0                                               ;
; Total pins                         ; 2                                               ;
; Total virtual pins                 ; 0                                               ;
; Total memory bits                  ; 0                                               ;
; Embedded Multiplier 9-bit elements ; 0                                               ;
; Total GXB Receiver Channel PCS     ; 0                                               ;
; Total GXB Receiver Channel PMA     ; 0                                               ;
; Total GXB Transmitter Channel PCS  ; 0                                               ;
; Total GXB Transmitter Channel PMA  ; 0                                               ;
; Total PLLs                         ; 0                                               ;
+------------------------------------+-------------------------------------------------+


+----------------------------------------------------------------------------------------------------------------------+
; Analysis & Synthesis Settings                                                                                        ;
+----------------------------------------------------------------------------+--------------------+--------------------+
; Option                                                                     ; Setting            ; Default Value      ;
+----------------------------------------------------------------------------+--------------------+--------------------+
; Top-level entity name                                                      ; Top_MIPS           ; MIPS_MONO          ;
; Family name                                                                ; Cyclone IV GX      ; Cyclone IV GX      ;
; Use smart compilation                                                      ; Off                ; Off                ;
; Enable parallel Assembler and TimeQuest Timing Analyzer during compilation ; On                 ; On                 ;
; Enable compact report table                                                ; Off                ; Off                ;
; Restructure Multiplexers                                                   ; Auto               ; Auto               ;
; Create Debugging Nodes for IP Cores                                        ; Off                ; Off                ;
; Preserve fewer node names                                                  ; On                 ; On                 ;
; Disable OpenCore Plus hardware evaluation                                  ; Off                ; Off                ;
; Verilog Version                                                            ; Verilog_2001       ; Verilog_2001       ;
; VHDL Version                                                               ; VHDL_1993          ; VHDL_1993          ;
; State Machine Processing                                                   ; Auto               ; Auto               ;
; Safe State Machine                                                         ; Off                ; Off                ;
; Extract Verilog State Machines                                             ; On                 ; On                 ;
; Extract VHDL State Machines                                                ; On                 ; On                 ;
; Ignore Verilog initial constructs                                          ; Off                ; Off                ;
; Iteration limit for constant Verilog loops                                 ; 5000               ; 5000               ;
; Iteration limit for non-constant Verilog loops                             ; 250                ; 250                ;
; Add Pass-Through Logic to Inferred RAMs                                    ; On                 ; On                 ;
; Infer RAMs from Raw Logic                                                  ; On                 ; On                 ;
; Parallel Synthesis                                                         ; On                 ; On                 ;
; DSP Block Balancing                                                        ; Auto               ; Auto               ;
; NOT Gate Push-Back                                                         ; On                 ; On                 ;
; Power-Up Don't Care                                                        ; On                 ; On                 ;
; Remove Redundant Logic Cells                                               ; Off                ; Off                ;
; Remove Duplicate Registers                                                 ; On                 ; On                 ;
; Ignore CARRY Buffers                                                       ; Off                ; Off                ;
; Ignore CASCADE Buffers                                                     ; Off                ; Off                ;
; Ignore GLOBAL Buffers                                                      ; Off                ; Off                ;
; Ignore ROW GLOBAL Buffers                                                  ; Off                ; Off                ;
; Ignore LCELL Buffers                                                       ; Off                ; Off                ;
; Ignore SOFT Buffers                                                        ; On                 ; On                 ;
; Limit AHDL Integers to 32 Bits                                             ; Off                ; Off                ;
; Optimization Technique                                                     ; Balanced           ; Balanced           ;
; Carry Chain Length                                                         ; 70                 ; 70                 ;
; Auto Carry Chains                                                          ; On                 ; On                 ;
; Auto Open-Drain Pins                                                       ; On                 ; On                 ;
; Perform WYSIWYG Primitive Resynthesis                                      ; Off                ; Off                ;
; Auto ROM Replacement                                                       ; On                 ; On                 ;
; Auto RAM Replacement                                                       ; On                 ; On                 ;
; Auto DSP Block Replacement                                                 ; On                 ; On                 ;
; Auto Shift Register Replacement                                            ; Auto               ; Auto               ;
; Allow Shift Register Merging across Hierarchies                            ; Auto               ; Auto               ;
; Auto Clock Enable Replacement                                              ; On                 ; On                 ;
; Strict RAM Replacement                                                     ; Off                ; Off                ;
; Allow Synchronous Control Signals                                          ; On                 ; On                 ;
; Force Use of Synchronous Clear Signals                                     ; Off                ; Off                ;
; Auto RAM Block Balancing                                                   ; On                 ; On                 ;
; Auto RAM to Logic Cell Conversion                                          ; Off                ; Off                ;
; Auto Resource Sharing                                                      ; Off                ; Off                ;
; Allow Any RAM Size For Recognition                                         ; Off                ; Off                ;
; Allow Any ROM Size For Recognition                                         ; Off                ; Off                ;
; Allow Any Shift Register Size For Recognition                              ; Off                ; Off                ;
; Use LogicLock Constraints during Resource Balancing                        ; On                 ; On                 ;
; Ignore translate_off and synthesis_off directives                          ; Off                ; Off                ;
; Timing-Driven Synthesis                                                    ; On                 ; On                 ;
; Report Parameter Settings                                                  ; On                 ; On                 ;
; Report Source Assignments                                                  ; On                 ; On                 ;
; Report Connectivity Checks                                                 ; On                 ; On                 ;
; Ignore Maximum Fan-Out Assignments                                         ; Off                ; Off                ;
; Synchronization Register Chain Length                                      ; 2                  ; 2                  ;
; PowerPlay Power Optimization                                               ; Normal compilation ; Normal compilation ;
; HDL message level                                                          ; Level2             ; Level2             ;
; Suppress Register Optimization Related Messages                            ; Off                ; Off                ;
; Number of Removed Registers Reported in Synthesis Report                   ; 5000               ; 5000               ;
; Number of Swept Nodes Reported in Synthesis Report                         ; 5000               ; 5000               ;
; Number of Inverted Registers Reported in Synthesis Report                  ; 100                ; 100                ;
; Clock MUX Protection                                                       ; On                 ; On                 ;
; Auto Gated Clock Conversion                                                ; Off                ; Off                ;
; Block Design Naming                                                        ; Auto               ; Auto               ;
; SDC constraint protection                                                  ; Off                ; Off                ;
; Synthesis Effort                                                           ; Auto               ; Auto               ;
; Shift Register Replacement - Allow Asynchronous Clear Signal               ; On                 ; On                 ;
; Pre-Mapping Resynthesis Optimization                                       ; Off                ; Off                ;
; Analysis & Synthesis Message Level                                         ; Medium             ; Medium             ;
; Disable Register Merging Across Hierarchies                                ; Auto               ; Auto               ;
; Resource Aware Inference For Block RAM                                     ; On                 ; On                 ;
; Synthesis Seed                                                             ; 1                  ; 1                  ;
+----------------------------------------------------------------------------+--------------------+--------------------+


Parallel compilation was disabled, but you have multiple processors available. Enable parallel compilation to reduce compilation time.
+-------------------------------------+
; Parallel Compilation                ;
+----------------------------+--------+
; Processors                 ; Number ;
+----------------------------+--------+
; Number detected on machine ; 12     ;
; Maximum allowed            ; 1      ;
+----------------------------+--------+


+----------------------------------------------------------------------------------------------------------------------------------------------------------------------------------+
; Analysis & Synthesis Source Files Read                                                                                                                                           ;
+----------------------------------+-----------------+-----------------+-------------------------------------------------------------------------------------------------+---------+
; File Name with User-Entered Path ; Used in Netlist ; File Type       ; File Name with Absolute Path                                                                    ; Library ;
+----------------------------------+-----------------+-----------------+-------------------------------------------------------------------------------------------------+---------+
; control_MIPS.vhd                 ; yes             ; User VHDL File  ; /home/imianosky/Desktop/faculdade/projetos_sistemas_digitais/MIPS_MONO/control_MIPS.vhd         ;         ;
; ALU.vhd                          ; yes             ; User VHDL File  ; /home/imianosky/Desktop/faculdade/projetos_sistemas_digitais/MIPS_MONO/ALU.vhd                  ;         ;
; ALU_Op.vhd                       ; yes             ; User VHDL File  ; /home/imianosky/Desktop/faculdade/projetos_sistemas_digitais/MIPS_MONO/ALU_Op.vhd               ;         ;
; Register_File.vhd                ; yes             ; User VHDL File  ; /home/imianosky/Desktop/faculdade/projetos_sistemas_digitais/MIPS_MONO/Register_File.vhd        ;         ;
; Data_Memory.vhd                  ; yes             ; User VHDL File  ; /home/imianosky/Desktop/faculdade/projetos_sistemas_digitais/MIPS_MONO/Data_Memory.vhd          ;         ;
; Add.vhd                          ; yes             ; User VHDL File  ; /home/imianosky/Desktop/faculdade/projetos_sistemas_digitais/MIPS_MONO/Add.vhd                  ;         ;
; mux2x1_32bits.vhd                ; yes             ; User VHDL File  ; /home/imianosky/Desktop/faculdade/projetos_sistemas_digitais/MIPS_MONO/mux2x1_32bits.vhd        ;         ;
; mux2x1_5bits.vhd                 ; yes             ; User VHDL File  ; /home/imianosky/Desktop/faculdade/projetos_sistemas_digitais/MIPS_MONO/mux2x1_5bits.vhd         ;         ;
; Sign_Extend_16_to_32.vhd         ; yes             ; User VHDL File  ; /home/imianosky/Desktop/faculdade/projetos_sistemas_digitais/MIPS_MONO/Sign_Extend_16_to_32.vhd ;         ;
; Shift_Left_26_to_28.vhd          ; yes             ; User VHDL File  ; /home/imianosky/Desktop/faculdade/projetos_sistemas_digitais/MIPS_MONO/Shift_Left_26_to_28.vhd  ;         ;
; Shift_Left_2_32bits.vhd          ; yes             ; User VHDL File  ; /home/imianosky/Desktop/faculdade/projetos_sistemas_digitais/MIPS_MONO/Shift_Left_2_32bits.vhd  ;         ;
; PC.vhd                           ; yes             ; User VHDL File  ; /home/imianosky/Desktop/faculdade/projetos_sistemas_digitais/MIPS_MONO/PC.vhd                   ;         ;
; Datapath.vhd                     ; yes             ; User VHDL File  ; /home/imianosky/Desktop/faculdade/projetos_sistemas_digitais/MIPS_MONO/Datapath.vhd             ;         ;
; Instruction_Memory.vhd           ; yes             ; User VHDL File  ; /home/imianosky/Desktop/faculdade/projetos_sistemas_digitais/MIPS_MONO/Instruction_Memory.vhd   ;         ;
; Top_MIPS.vhd                     ; yes             ; User VHDL File  ; /home/imianosky/Desktop/faculdade/projetos_sistemas_digitais/MIPS_MONO/Top_MIPS.vhd             ;         ;
+----------------------------------+-----------------+-----------------+-------------------------------------------------------------------------------------------------+---------+


+---------------------------------------------+
; Analysis & Synthesis Resource Usage Summary ;
+--------------------------+------------------+
; Resource                 ; Usage            ;
+--------------------------+------------------+
; I/O pins                 ; 2                ;
; DSP block 9-bit elements ; 0                ;
; Maximum fan-out node     ; i_Clk            ;
; Maximum fan-out          ; 1                ;
; Total fan-out            ; 2                ;
; Average fan-out          ; 0.50             ;
+--------------------------+------------------+


+-----------------------------------------------------------------------------------------------------------------------------------------------------------------------------------------+
; Analysis & Synthesis Resource Utilization by Entity                                                                                                                                     ;
+----------------------------+-------------------+--------------+-------------+--------------+---------+-----------+-----------+------+--------------+---------------------+--------------+
; Compilation Hierarchy Node ; LC Combinationals ; LC Registers ; Memory Bits ; DSP Elements ; DSP 9x9 ; DSP 18x18 ; DSP 36x36 ; Pins ; Virtual Pins ; Full Hierarchy Name ; Library Name ;
+----------------------------+-------------------+--------------+-------------+--------------+---------+-----------+-----------+------+--------------+---------------------+--------------+
; |Top_MIPS                  ; 0 (0)             ; 0 (0)        ; 0           ; 0            ; 0       ; 0         ; 0         ; 2    ; 0            ; |Top_MIPS           ; work         ;
+----------------------------+-------------------+--------------+-------------+--------------+---------+-----------+-----------+------+--------------+---------------------+--------------+
Note: For table entries with two numbers listed, the numbers in parentheses indicate the number of resources of the given type used by the specific entity alone. The numbers listed outside of parentheses indicate the total resources of the given type used by the specific entity and all of its sub-entities in the hierarchy.


+------------------------------------------------------+
; General Register Statistics                          ;
+----------------------------------------------+-------+
; Statistic                                    ; Value ;
+----------------------------------------------+-------+
; Total registers                              ; 0     ;
; Number of registers using Synchronous Clear  ; 0     ;
; Number of registers using Synchronous Load   ; 0     ;
; Number of registers using Asynchronous Clear ; 0     ;
; Number of registers using Asynchronous Load  ; 0     ;
; Number of registers using Clock Enable       ; 0     ;
; Number of registers using Preset             ; 0     ;
+----------------------------------------------+-------+


+------------------------------------------------------------------+
; Parameter Settings for User Entity Instance: Datapath:u_Datapath ;
+----------------+-------+-----------------------------------------+
; Parameter Name ; Value ; Type                                    ;
+----------------+-------+-----------------------------------------+
; p_size         ; 32    ; Signed Integer                          ;
+----------------+-------+-----------------------------------------+
Note: In order to hide this table in the UI and the text report file, please set the "Show Parameter Settings in Synthesis Report" option in "Analysis and Synthesis Settings -> More Settings" to "Off".


+--------------------------------------------------------------------------+
; Parameter Settings for User Entity Instance: Datapath:u_Datapath|PC:u_PC ;
+----------------+-------+-------------------------------------------------+
; Parameter Name ; Value ; Type                                            ;
+----------------+-------+-------------------------------------------------+
; p_size         ; 32    ; Signed Integer                                  ;
+----------------+-------+-------------------------------------------------+
Note: In order to hide this table in the UI and the text report file, please set the "Show Parameter Settings in Synthesis Report" option in "Analysis and Synthesis Settings -> More Settings" to "Off".


+-----------------------------------------------------------------------------------------------+
; Parameter Settings for User Entity Instance: Datapath:u_Datapath|mux2x1_32bits:u_Mux1_Next_PC ;
+----------------+-------+----------------------------------------------------------------------+
; Parameter Name ; Value ; Type                                                                 ;
+----------------+-------+----------------------------------------------------------------------+
; p_width        ; 32    ; Signed Integer                                                       ;
+----------------+-------+----------------------------------------------------------------------+
Note: In order to hide this table in the UI and the text report file, please set the "Show Parameter Settings in Synthesis Report" option in "Analysis and Synthesis Settings -> More Settings" to "Off".


+-----------------------------------------------------------------------------------------------+
; Parameter Settings for User Entity Instance: Datapath:u_Datapath|mux2x1_32bits:u_Mux2_Next_PC ;
+----------------+-------+----------------------------------------------------------------------+
; Parameter Name ; Value ; Type                                                                 ;
+----------------+-------+----------------------------------------------------------------------+
; p_width        ; 32    ; Signed Integer                                                       ;
+----------------+-------+----------------------------------------------------------------------+
Note: In order to hide this table in the UI and the text report file, please set the "Show Parameter Settings in Synthesis Report" option in "Analysis and Synthesis Settings -> More Settings" to "Off".


+--------------------------------------------------------------------------------------+
; Parameter Settings for User Entity Instance: Datapath:u_Datapath|Add:u_Add_Addr_Jump ;
+----------------+-------+-------------------------------------------------------------+
; Parameter Name ; Value ; Type                                                        ;
+----------------+-------+-------------------------------------------------------------+
; p_size         ; 32    ; Signed Integer                                              ;
+----------------+-------+-------------------------------------------------------------+
Note: In order to hide this table in the UI and the text report file, please set the "Show Parameter Settings in Synthesis Report" option in "Analysis and Synthesis Settings -> More Settings" to "Off".


+--------------------------------------------------------------------------------------------+
; Parameter Settings for User Entity Instance: Datapath:u_Datapath|mux2x1_32bits:u_Mux_ALU_B ;
+----------------+-------+-------------------------------------------------------------------+
; Parameter Name ; Value ; Type                                                              ;
+----------------+-------+-------------------------------------------------------------------+
; p_width        ; 32    ; Signed Integer                                                    ;
+----------------+-------+-------------------------------------------------------------------+
Note: In order to hide this table in the UI and the text report file, please set the "Show Parameter Settings in Synthesis Report" option in "Analysis and Synthesis Settings -> More Settings" to "Off".


+---------------------------------------------------------------------------------------------+
; Parameter Settings for User Entity Instance: Datapath:u_Datapath|mux2x1_5bits:u_Mux_Addr_Wr ;
+----------------+-------+--------------------------------------------------------------------+
; Parameter Name ; Value ; Type                                                               ;
+----------------+-------+--------------------------------------------------------------------+
; p_width        ; 5     ; Signed Integer                                                     ;
+----------------+-------+--------------------------------------------------------------------+
Note: In order to hide this table in the UI and the text report file, please set the "Show Parameter Settings in Synthesis Report" option in "Analysis and Synthesis Settings -> More Settings" to "Off".


+----------------------------------------------------------------------------------------------------+
; Parameter Settings for User Entity Instance: Datapath:u_Datapath|mux2x1_32bits:u_Mux_Register_File ;
+----------------+-------+---------------------------------------------------------------------------+
; Parameter Name ; Value ; Type                                                                      ;
+----------------+-------+---------------------------------------------------------------------------+
; p_width        ; 32    ; Signed Integer                                                            ;
+----------------+-------+---------------------------------------------------------------------------+
Note: In order to hide this table in the UI and the text report file, please set the "Show Parameter Settings in Synthesis Report" option in "Analysis and Synthesis Settings -> More Settings" to "Off".


+----------------------------------------------------------------------------------------------------------+
; Parameter Settings for User Entity Instance: Datapath:u_Datapath|Instruction_Memory:u_Instruction_Memory ;
+----------------+-------+---------------------------------------------------------------------------------+
; Parameter Name ; Value ; Type                                                                            ;
+----------------+-------+---------------------------------------------------------------------------------+
; p_size         ; 32    ; Signed Integer                                                                  ;
+----------------+-------+---------------------------------------------------------------------------------+
Note: In order to hide this table in the UI and the text report file, please set the "Show Parameter Settings in Synthesis Report" option in "Analysis and Synthesis Settings -> More Settings" to "Off".


+-------------------------------+
; Elapsed Time Per Partition    ;
+----------------+--------------+
; Partition Name ; Elapsed Time ;
+----------------+--------------+
; Top            ; 00:00:00     ;
+----------------+--------------+


+-------------------------------+
; Analysis & Synthesis Messages ;
+-------------------------------+
Info: *******************************************************************
Info: Running Quartus II 64-Bit Analysis & Synthesis
    Info: Version 13.0.1 Build 232 06/12/2013 Service Pack 1 SJ Web Edition
    Info: Processing started: Tue Dec 10 01:03:02 2019
Info: Command: quartus_map --read_settings_files=on --write_settings_files=off MIPS_MONO -c MIPS_MONO
Warning (20028): Parallel compilation is not licensed and has been disabled
Info (12021): Found 2 design units, including 1 entities, in source file control_MIPS.vhd
    Info (12022): Found design unit 1: control_MIPS-arch1
    Info (12023): Found entity 1: Control_MIPS
Info (12021): Found 2 design units, including 1 entities, in source file ALU.vhd
    Info (12022): Found design unit 1: ALU-arch1
    Info (12023): Found entity 1: ALU
Info (12021): Found 2 design units, including 1 entities, in source file ALU_Op.vhd
    Info (12022): Found design unit 1: ALU_Op-arch1
    Info (12023): Found entity 1: ALU_Op
Info (12021): Found 2 design units, including 1 entities, in source file Register_File.vhd
    Info (12022): Found design unit 1: Register_File-arch1
    Info (12023): Found entity 1: Register_File
Info (12021): Found 2 design units, including 1 entities, in source file Data_Memory.vhd
    Info (12022): Found design unit 1: Data_Memory-arch1
    Info (12023): Found entity 1: Data_Memory
Info (12021): Found 2 design units, including 1 entities, in source file Add.vhd
    Info (12022): Found design unit 1: Add-arch1
    Info (12023): Found entity 1: Add
Info (12021): Found 2 design units, including 1 entities, in source file mux2x1_32bits.vhd
    Info (12022): Found design unit 1: mux2x1_32bits-arch_1
    Info (12023): Found entity 1: mux2x1_32bits
Info (12021): Found 2 design units, including 1 entities, in source file mux2x1_5bits.vhd
    Info (12022): Found design unit 1: mux2x1_5bits-arch_1
    Info (12023): Found entity 1: mux2x1_5bits
Info (12021): Found 2 design units, including 1 entities, in source file Sign_Extend_16_to_32.vhd
    Info (12022): Found design unit 1: Sign_Extend_16_to_32-arch1
    Info (12023): Found entity 1: Sign_Extend_16_to_32
Info (12021): Found 2 design units, including 1 entities, in source file Shift_Left_26_to_28.vhd
    Info (12022): Found design unit 1: Shift_Left_26_to_28-arch1
    Info (12023): Found entity 1: Shift_Left_26_to_28
Info (12021): Found 2 design units, including 1 entities, in source file Shift_Left_2_32bits.vhd
    Info (12022): Found design unit 1: Shift_Left_2_32bits-arch1
    Info (12023): Found entity 1: Shift_Left_2_32bits
Info (12021): Found 2 design units, including 1 entities, in source file PC.vhd
    Info (12022): Found design unit 1: PC-arch1
    Info (12023): Found entity 1: PC
Info (12021): Found 2 design units, including 1 entities, in source file Datapath.vhd
    Info (12022): Found design unit 1: Datapath-arch1
    Info (12023): Found entity 1: Datapath
Info (12021): Found 2 design units, including 1 entities, in source file Instruction_Memory.vhd
    Info (12022): Found design unit 1: Instruction_Memory-arch1
    Info (12023): Found entity 1: Instruction_Memory
Info (12021): Found 2 design units, including 1 entities, in source file Top_MIPS.vhd
    Info (12022): Found design unit 1: Top_MIPS-arch1
    Info (12023): Found entity 1: Top_MIPS
Info (12021): Found 2 design units, including 1 entities, in source file MIPS_TB.vhd
    Info (12022): Found design unit 1: MIPS_TB-arch_1
    Info (12023): Found entity 1: MIPS_TB
Info (12127): Elaborating entity "Top_MIPS" for the top level hierarchy
Info (12128): Elaborating entity "Control_MIPS" for hierarchy "Control_MIPS:u_Control"
Info (12128): Elaborating entity "Datapath" for hierarchy "Datapath:u_Datapath"
Info (12128): Elaborating entity "PC" for hierarchy "Datapath:u_Datapath|PC:u_PC"
Info (12128): Elaborating entity "Shift_Left_2_32bits" for hierarchy "Datapath:u_Datapath|Shift_Left_2_32bits:u_Shift_Left_2_32bits"
Info (12128): Elaborating entity "Shift_Left_26_to_28" for hierarchy "Datapath:u_Datapath|Shift_Left_26_to_28:u_Shift_Left_26_to_28"
Info (12128): Elaborating entity "mux2x1_32bits" for hierarchy "Datapath:u_Datapath|mux2x1_32bits:u_Mux1_Next_PC"
Info (12128): Elaborating entity "Add" for hierarchy "Datapath:u_Datapath|Add:u_Add_Addr_Jump"
Info (12128): Elaborating entity "ALU" for hierarchy "Datapath:u_Datapath|ALU:u_ALU"
Info (12128): Elaborating entity "mux2x1_5bits" for hierarchy "Datapath:u_Datapath|mux2x1_5bits:u_Mux_Addr_Wr"
Info (12128): Elaborating entity "Sign_Extend_16_to_32" for hierarchy "Datapath:u_Datapath|Sign_Extend_16_to_32:u_Sign_Extend"
Info (12128): Elaborating entity "Data_Memory" for hierarchy "Datapath:u_Datapath|Data_Memory:u_Data_Memory"
Info (12128): Elaborating entity "Register_File" for hierarchy "Datapath:u_Datapath|Register_File:u_Register_File"
Info (12128): Elaborating entity "Instruction_Memory" for hierarchy "Datapath:u_Datapath|Instruction_Memory:u_Instruction_Memory"
Info (12128): Elaborating entity "ALU_Op" for hierarchy "ALU_Op:u_ALU_Op"
Info (16010): Generating hard_block partition "hard_block:auto_generated_inst"
    Info (16011): Adding 0 node(s), including 0 DDIO, 0 PLL, 0 transceiver and 0 LCELL
Warning (21074): Design contains 2 input pin(s) that do not drive logic
    Warning (15610): No output dependent on input pin "i_Clk"
    Warning (15610): No output dependent on input pin "i_Rst"
Info (21057): Implemented 2 device resources after synthesis - the final resource count might be different
    Info (21058): Implemented 2 input pins
    Info (21059): Implemented 0 output pins
Info: Quartus II 64-Bit Analysis & Synthesis was successful. 0 errors, 4 warnings
    Info: Peak virtual memory: 685 megabytes
    Info: Processing ended: Tue Dec 10 01:03:03 2019
    Info: Elapsed time: 00:00:01
    Info: Total CPU time (on all processors): 00:00:01


